========================================
[SIMULATED EMAIL]
Sent At: 2026-06-25T00:14:53.074Z
To: test@abc.com
From: Mini-CAS Portal <noreply@minicas.edu>
Subject: Mini-CAS Password Reset Code
Code: 843369
----------------------------------------
Hello,

You requested a password reset for your Mini-CAS account.
Please use the following 6-digit Identification Code to reset your password:

843369

This code will expire in 15 minutes.
If you did not request this, you can safely ignore this email.

Best regards,
The Mini-CAS Team
========================================

========================================
[SIMULATED EMAIL]
Sent At: 2026-06-25T02:19:00.371Z
To: johnli132132@gmail.com
From: jiang0524@yahoo.com
Subject: Mini-CAS Password Reset Code
Code: 919253
----------------------------------------
Hello,

You requested a password reset for your Mini-CAS account.
Please use the following 6-digit Identification Code to reset your password:

919253

This code will expire in 15 minutes.
If you did not request this, you can safely ignore this email.

Best regards,
The Mini-CAS Team
========================================

========================================
[SIMULATED EMAIL]
Sent At: 2026-06-25T02:21:05.783Z
To: johnli132132@gmail.com
From: jiang0524@yahoo.com
Subject: Mini-CAS Password Reset Code
Code: 151240
----------------------------------------
Hello,

You requested a password reset for your Mini-CAS account.
Please use the following 6-digit Identification Code to reset your password:

151240

This code will expire in 15 minutes.
If you did not request this, you can safely ignore this email.

Best regards,
The Mini-CAS Team
========================================

